// Jest Snapshot v1, https://goo.gl/fbAQLP

exports[`Image renders matching snapshot 1`] = `ShallowWrapper {}`;
