// Jest Snapshot v1, https://goo.gl/fbAQLP

exports[`Box renders matching snapshot 1`] = `ShallowWrapper {}`;
